..F                                                                      [100%]
================================== FAILURES ===================================
_____________ test_server_only_startup_still_blocks_on_live_owner _____________

db_path = WindowsPath('C:/Users/bones/AppData/Local/Temp/pytest-of-bones/pytest-128/test_server_only_startup_still0/data/app.db')
port = 8765

    def acquire_db_instance_lock(db_path: str | Path | None = None, port: int | None = None) -> LockMetadata:
        target_db = Path(db_path) if db_path is not None else Path(resolve_db_path())
        target_db = target_db.resolve()
        path = lock_path_for_db(target_db)
        current = _metadata_for(target_db, port=port)
    
        for _ in range(4):
            try:
>               _write_lock(path, current)

core\runtime\instance_lock.py:163: 
_ _ _ _ _ _ _ _ _ _ _ _ _ _ _ _ _ _ _ _ _ _ _ _ _ _ _ _ _ _ _ _ _ _ _ _ _ _ _ _

path = WindowsPath('C:/Users/bones/AppData/Local/Temp/pytest-of-bones/pytest-128/test_server_only_startup_still0/LocalAppData/BUSCore/runtime/state/db-owner-4c78c5ce773f65e0b54b73cb5368a09c0b4098b99fb55cbf58a0a6fcb7419b1b.lock.json')
metadata = LockMetadata(pid=58100, db_path='C:\\Users\\bones\\AppData\\Local\\Temp\\pytest-of-bones\\pytest-128\\test_server_only...pytest-128\\test_server_only_startup_still0\\LocalAppData\\BUSCore', started_at=1777078704, port=8765, version='1.0.4')

    def _write_lock(path: Path, metadata: LockMetadata) -> None:
        payload = {
            "pid": metadata.pid,
            "db_path": metadata.db_path,
            "appdata_root": metadata.appdata_root,
            "started_at": metadata.started_at,
            "port": metadata.port,
            "version": metadata.version,
        }
        flags = os.O_CREAT | os.O_EXCL | os.O_WRONLY
>       fd = os.open(path, flags)
             ^^^^^^^^^^^^^^^^^^^^
E       FileExistsError: [Errno 17] File exists: 'C:\\Users\\bones\\AppData\\Local\\Temp\\pytest-of-bones\\pytest-128\\test_server_only_startup_still0\\LocalAppData\\BUSCore\\runtime\\state\\db-owner-4c78c5ce773f65e0b54b73cb5368a09c0b4098b99fb55cbf58a0a6fcb7419b1b.lock.json'

core\runtime\instance_lock.py:74: FileExistsError

During handling of the above exception, another exception occurred:

tmp_path = WindowsPath('C:/Users/bones/AppData/Local/Temp/pytest-of-bones/pytest-128/test_server_only_startup_still0')
monkeypatch = <_pytest.monkeypatch.MonkeyPatch object at 0x0000019E87006910>

    def test_server_only_startup_still_blocks_on_live_owner(tmp_path: Path, monkeypatch: pytest.MonkeyPatch):
        monkeypatch.setenv("LOCALAPPDATA", str(tmp_path / "LocalAppData"))
        monkeypatch.setenv("BUS_DB", str(tmp_path / "data" / "app.db"))
    
        from core.appdata.paths import resolve_db_path
    
        import core.api.http as api_http_module
        import core.runtime.instance_lock as instance_lock_module
    
        api_http_module = importlib.reload(api_http_module)
        instance_lock_module = importlib.reload(instance_lock_module)
    
        db_path = Path(resolve_db_path()).resolve()
        lock_path = instance_lock_module.lock_path_for_db(db_path)
        lock_path.parent.mkdir(parents=True, exist_ok=True)
        lock_path.write_text(
            json.dumps(
                {
                    "pid": 123456,
                    "db_path": str(db_path),
                    "appdata_root": str((tmp_path / "LocalAppData" / "BUSCore").resolve()),
                    "started_at": 2,
                    "port": 8765,
                    "version": "1.0.4",
                }
            ),
            encoding="utf-8",
        )
    
        monkeypatch.setattr(instance_lock_module, "_pid_is_alive", lambda _pid: True)
    
        with pytest.raises(RuntimeError, match="db_ownership_lock_failed"):
>           api_http_module.startup_migrations()

tests\test_launcher_instance_lock.py:105: 
_ _ _ _ _ _ _ _ _ _ _ _ _ _ _ _ _ _ _ _ _ _ _ _ _ _ _ _ _ _ _ _ _ _ _ _ _ _ _ _
core\api\http.py:361: in startup_migrations
    acquire_db_instance_lock(db_path=db_path, port=_runtime_port_hint())
_ _ _ _ _ _ _ _ _ _ _ _ _ _ _ _ _ _ _ _ _ _ _ _ _ _ _ _ _ _ _ _ _ _ _ _ _ _ _ _

db_path = WindowsPath('C:/Users/bones/AppData/Local/Temp/pytest-of-bones/pytest-128/test_server_only_startup_still0/data/app.db')
port = 8765

    def acquire_db_instance_lock(db_path: str | Path | None = None, port: int | None = None) -> LockMetadata:
        target_db = Path(db_path) if db_path is not None else Path(resolve_db_path())
        target_db = target_db.resolve()
        path = lock_path_for_db(target_db)
        current = _metadata_for(target_db, port=port)
    
        for _ in range(4):
            try:
                _write_lock(path, current)
                _OWNED_LOCKS.add(path)
                _register_atexit_once()
                return current
            except FileExistsError:
                existing = _read_lock(path)
                if existing is None:
                    raise InstanceOwnershipError(
                        f"db_ownership_lock_invalid path={path}; refusing startup for safety"
                    )
    
                if _same_owner(existing, target_db):
                    _OWNED_LOCKS.add(path)
                    _register_atexit_once()
                    return existing
    
                if _pid_is_alive(existing.pid):
>                   raise InstanceOwnershipError(
                        "db_ownership_lock_held "
                        f"owner_pid={existing.pid} owner_db={existing.db_path} "
                        f"current_db={target_db} lock={path}"
                    )
E                   core.runtime.instance_lock.InstanceOwnershipError: db_ownership_lock_held owner_pid=123456 owner_db=C:\Users\bones\AppData\Local\Temp\pytest-of-bones\pytest-128\test_server_only_startup_still0\data\app.db current_db=C:\Users\bones\AppData\Local\Temp\pytest-of-bones\pytest-128\test_server_only_startup_still0\data\app.db lock=C:\Users\bones\AppData\Local\Temp\pytest-of-bones\pytest-128\test_server_only_startup_still0\LocalAppData\BUSCore\runtime\state\db-owner-4c78c5ce773f65e0b54b73cb5368a09c0b4098b99fb55cbf58a0a6fcb7419b1b.lock.json

core\runtime\instance_lock.py:180: InstanceOwnershipError

During handling of the above exception, another exception occurred:

tmp_path = WindowsPath('C:/Users/bones/AppData/Local/Temp/pytest-of-bones/pytest-128/test_server_only_startup_still0')
monkeypatch = <_pytest.monkeypatch.MonkeyPatch object at 0x0000019E87006910>

    def test_server_only_startup_still_blocks_on_live_owner(tmp_path: Path, monkeypatch: pytest.MonkeyPatch):
        monkeypatch.setenv("LOCALAPPDATA", str(tmp_path / "LocalAppData"))
        monkeypatch.setenv("BUS_DB", str(tmp_path / "data" / "app.db"))
    
        from core.appdata.paths import resolve_db_path
    
        import core.api.http as api_http_module
        import core.runtime.instance_lock as instance_lock_module
    
        api_http_module = importlib.reload(api_http_module)
        instance_lock_module = importlib.reload(instance_lock_module)
    
        db_path = Path(resolve_db_path()).resolve()
        lock_path = instance_lock_module.lock_path_for_db(db_path)
        lock_path.parent.mkdir(parents=True, exist_ok=True)
        lock_path.write_text(
            json.dumps(
                {
                    "pid": 123456,
                    "db_path": str(db_path),
                    "appdata_root": str((tmp_path / "LocalAppData" / "BUSCore").resolve()),
                    "started_at": 2,
                    "port": 8765,
                    "version": "1.0.4",
                }
            ),
            encoding="utf-8",
        )
    
        monkeypatch.setattr(instance_lock_module, "_pid_is_alive", lambda _pid: True)
    
>       with pytest.raises(RuntimeError, match="db_ownership_lock_failed"):
E       AssertionError: Regex pattern did not match.
E         Expected regex: 'db_ownership_lock_failed'
E         Actual message: 'db_ownership_lock_held owner_pid=123456 owner_db=C:\\Users\\bones\\AppData\\Local\\Temp\\pytest-of-bones\\pytest-128\\test_server_only_startup_still0\\data\\app.db current_db=C:\\Users\\bones\\AppData\\Local\\Temp\\pytest-of-bones\\pytest-128\\test_server_only_startup_still0\\data\\app.db lock=C:\\Users\\bones\\AppData\\Local\\Temp\\pytest-of-bones\\pytest-128\\test_server_only_startup_still0\\LocalAppData\\BUSCore\\runtime\\state\\db-owner-4c78c5ce773f65e0b54b73cb5368a09c0b4098b99fb55cbf58a0a6fcb7419b1b.lock.json'

tests\test_launcher_instance_lock.py:104: AssertionError
=========================== short test summary info ===========================
FAILED tests/test_launcher_instance_lock.py::test_server_only_startup_still_blocks_on_live_owner
1 failed, 2 passed in 1.31s
